src/components/layout/Navbar.tsx(3,29): error TS6133: 'User' is declared but its value is never read.
src/components/layout/PageWrapper.tsx(2,10): error TS1484: 'ReactNode' is a type and must be imported using a type-only import when 'verbatimModuleSyntax' is enabled.
src/lib/api.ts(1,10): error TS1484: 'Evaluation' is a type and must be imported using a type-only import when 'verbatimModuleSyntax' is enabled.
src/lib/api.ts(1,22): error TS1484: 'InterviewSession' is a type and must be imported using a type-only import when 'verbatimModuleSyntax' is enabled.
src/lib/api.ts(1,40): error TS1484: 'Message' is a type and must be imported using a type-only import when 'verbatimModuleSyntax' is enabled.
src/lib/api.ts(1,49): error TS1484: 'Roadmap' is a type and must be imported using a type-only import when 'verbatimModuleSyntax' is enabled.
src/lib/api.ts(1,58): error TS1484: 'Role' is a type and must be imported using a type-only import when 'verbatimModuleSyntax' is enabled.
src/lib/api.ts(1,64): error TS1484: 'User' is a type and must be imported using a type-only import when 'verbatimModuleSyntax' is enabled.
src/pages/auth/SignupPage.tsx(23,10): error TS1484: 'Role' is a type and must be imported using a type-only import when 'verbatimModuleSyntax' is enabled.
src/pages/evaluation/EvaluationPage.tsx(4,10): error TS1484: 'Evaluation' is a type and must be imported using a type-only import when 'verbatimModuleSyntax' is enabled.
src/pages/evaluation/EvaluationPage.tsx(22,1): error TS6133: 'Badge' is declared but its value is never read.
src/pages/interview/InterviewPage.tsx(2,10): error TS6133: 'Link' is declared but its value is never read.
src/pages/interview/InterviewPage.tsx(4,10): error TS1484: 'InterviewSession' is a type and must be imported using a type-only import when 'verbatimModuleSyntax' is enabled.
src/pages/interview/InterviewPage.tsx(4,28): error TS1484: 'Message' is a type and must be imported using a type-only import when 'verbatimModuleSyntax' is enabled.
src/pages/interview/InterviewPage.tsx(9,10): error TS2305: Module '"lucide-react"' has no exported member 'Avatar'.
src/pages/interview/InterviewPage.tsx(9,10): error TS6133: 'Avatar' is declared but its value is never read.
src/pages/roadmap/RoadmapPage.tsx(3,10): error TS1484: 'Roadmap' is a type and must be imported using a type-only import when 'verbatimModuleSyntax' is enabled.
src/pages/roadmap/RoadmapPage.tsx(3,19): error TS1484: 'Role' is a type and must be imported using a type-only import when 'verbatimModuleSyntax' is enabled.
